---file: nulls.json

{
	"" : null,
	"0" : [null,null]
	}

---json
{"":null,"0":[null,null]}
---xml
<plist version="1.0">
<dict>
	<key></key>
	<dict>
		<key>CF$Null</key><true/>
	</dict>
	<key>0</key>
	<array>
		<dict>
			<key>CF$Null</key><true/>
		</dict>
		<dict>
			<key>CF$Null</key><true/>
		</dict>
	</array>
</dict>
</plist>

---json-pretty
{
  "" : null,
  "0" : [
    null,
    null
    ]
  }
---end
